splits: TRAIN 18, VAL 6, TEST 6 years
CEM constant: VAL 0.12  TEST 0.12  EUR/m2
budget 6.0 h, up to 15 seeds, 60000 steps/seed, lr 1e-04, target-entropy -3.0, demo_frac 0.25

   seed 101 warm-start VAL -0.21
   seed 101 step   3000 | VAL -9.07 (best -0.21) | alpha 0.567
   seed 101 step   6000 | VAL -3.11 (best -0.21) | alpha 0.315
   seed 101 step   9000 | VAL -3.10 (best -0.21) | alpha 0.175
   seed 101 step  12000 | VAL -2.04 (best -0.21) | alpha 0.097
   seed 101 step  15000 | VAL -1.90 (best -0.21) | alpha 0.055
   seed 101 step  18000 | VAL -2.17 (best -0.21) | alpha 0.031
   seed 101 step  21000 | VAL -2.31 (best -0.21) | alpha 0.018
   seed 101 step  24000 | VAL -2.18 (best -0.21) | alpha 0.012
   seed 101 step  27000 | VAL -1.17 (best -0.21) | alpha 0.011
   seed 101 step  30000 | VAL -2.07 (best -0.21) | alpha 0.012
   seed 101 step  33000 | VAL -2.53 (best -0.21) | alpha 0.011
   seed 101 step  36000 | VAL -1.10 (best -0.21) | alpha 0.012
   seed 101 step  39000 | VAL -1.58 (best -0.21) | alpha 0.012
   seed 101 step  42000 | VAL -1.58 (best -0.21) | alpha 0.012
   seed 101 step  45000 | VAL -1.50 (best -0.21) | alpha 0.012
   seed 101 step  48000 | VAL -1.33 (best -0.21) | alpha 0.012
   seed 101 step  51000 | VAL -1.20 (best -0.21) | alpha 0.013
   seed 101 step  54000 | VAL -1.26 (best -0.21) | alpha 0.012
   seed 101 step  57000 | VAL -1.11 (best -0.21) | alpha 0.012
   seed 101 step  60000 | VAL -0.69 (best -0.21) | alpha 0.012
=== seed 101 done: VAL -0.21  TEST -0.18  (CEM TEST 0.12)  [15 min elapsed]

   seed 102 warm-start VAL -0.55
   seed 102 step   3000 | VAL -7.62 (best -0.55) | alpha 0.567
   seed 102 step   6000 | VAL -3.96 (best -0.55) | alpha 0.314
   seed 102 step   9000 | VAL -2.86 (best -0.55) | alpha 0.174
   seed 102 step  12000 | VAL -1.85 (best -0.55) | alpha 0.097
   seed 102 step  15000 | VAL -1.67 (best -0.55) | alpha 0.055
   seed 102 step  18000 | VAL -1.39 (best -0.55) | alpha 0.031
   seed 102 step  21000 | VAL -1.69 (best -0.55) | alpha 0.018
   seed 102 step  24000 | VAL -3.22 (best -0.55) | alpha 0.012
   seed 102 step  27000 | VAL -2.74 (best -0.55) | alpha 0.011
   seed 102 step  30000 | VAL -1.99 (best -0.55) | alpha 0.011
   seed 102 step  33000 | VAL -2.88 (best -0.55) | alpha 0.010
   seed 102 step  36000 | VAL -2.34 (best -0.55) | alpha 0.011
   seed 102 step  39000 | VAL -1.48 (best -0.55) | alpha 0.011
   seed 102 step  42000 | VAL -1.73 (best -0.55) | alpha 0.010
   seed 102 step  45000 | VAL -1.54 (best -0.55) | alpha 0.010
   seed 102 step  48000 | VAL -1.34 (best -0.55) | alpha 0.010
   seed 102 step  51000 | VAL -1.84 (best -0.55) | alpha 0.010
   seed 102 step  54000 | VAL -1.50 (best -0.55) | alpha 0.010
   seed 102 step  57000 | VAL -1.83 (best -0.55) | alpha 0.010
   seed 102 step  60000 | VAL -1.92 (best -0.55) | alpha 0.010
=== seed 102 done: VAL -0.55  TEST -0.42  (CEM TEST 0.12)  [31 min elapsed]

   seed 103 warm-start VAL -0.34
   seed 103 step   3000 | VAL -8.14 (best -0.34) | alpha 0.566
   seed 103 step   6000 | VAL -2.57 (best -0.34) | alpha 0.315
   seed 103 step   9000 | VAL -2.88 (best -0.34) | alpha 0.174
   seed 103 step  12000 | VAL -1.84 (best -0.34) | alpha 0.097
   seed 103 step  15000 | VAL -1.54 (best -0.34) | alpha 0.055
   seed 103 step  18000 | VAL -1.73 (best -0.34) | alpha 0.031
   seed 103 step  21000 | VAL -1.61 (best -0.34) | alpha 0.018
   seed 103 step  24000 | VAL -2.47 (best -0.34) | alpha 0.012
   seed 103 step  27000 | VAL -2.39 (best -0.34) | alpha 0.011
   seed 103 step  30000 | VAL -1.71 (best -0.34) | alpha 0.011
   seed 103 step  33000 | VAL -1.28 (best -0.34) | alpha 0.011
   seed 103 step  36000 | VAL -1.73 (best -0.34) | alpha 0.011
   seed 103 step  39000 | VAL -1.75 (best -0.34) | alpha 0.011
   seed 103 step  42000 | VAL -1.82 (best -0.34) | alpha 0.010
   seed 103 step  45000 | VAL -1.33 (best -0.34) | alpha 0.011
   seed 103 step  48000 | VAL -1.81 (best -0.34) | alpha 0.011
   seed 103 step  51000 | VAL -1.74 (best -0.34) | alpha 0.010
   seed 103 step  54000 | VAL -1.74 (best -0.34) | alpha 0.010
   seed 103 step  57000 | VAL -2.20 (best -0.34) | alpha 0.010
   seed 103 step  60000 | VAL -1.62 (best -0.34) | alpha 0.011
=== seed 103 done: VAL -0.34  TEST -0.40  (CEM TEST 0.12)  [48 min elapsed]

   seed 104 warm-start VAL -0.32
   seed 104 step   3000 | VAL -10.08 (best -0.32) | alpha 0.566
   seed 104 step   6000 | VAL -1.87 (best -0.32) | alpha 0.314
   seed 104 step   9000 | VAL -3.26 (best -0.32) | alpha 0.174
   seed 104 step  12000 | VAL -1.80 (best -0.32) | alpha 0.098
   seed 104 step  15000 | VAL -1.76 (best -0.32) | alpha 0.055
   seed 104 step  18000 | VAL -1.40 (best -0.32) | alpha 0.031
   seed 104 step  21000 | VAL -1.97 (best -0.32) | alpha 0.018
   seed 104 step  24000 | VAL -2.35 (best -0.32) | alpha 0.012
   seed 104 step  27000 | VAL -1.21 (best -0.32) | alpha 0.011
   seed 104 step  30000 | VAL -1.95 (best -0.32) | alpha 0.011
   seed 104 step  33000 | VAL -2.19 (best -0.32) | alpha 0.011
   seed 104 step  36000 | VAL -1.28 (best -0.32) | alpha 0.011
   seed 104 step  39000 | VAL -1.74 (best -0.32) | alpha 0.010
   seed 104 step  42000 | VAL -1.01 (best -0.32) | alpha 0.010
   seed 104 step  45000 | VAL -0.81 (best -0.32) | alpha 0.011
   seed 104 step  48000 | VAL -0.24 (best -0.24) | alpha 0.011
   seed 104 step  51000 | VAL 0.28 (best 0.28) | alpha 0.011
   seed 104 step  54000 | VAL -0.18 (best 0.28) | alpha 0.011
   seed 104 step  57000 | VAL 0.36 (best 0.36) | alpha 0.011
   seed 104 step  60000 | VAL 0.60 (best 0.60) | alpha 0.011
=== seed 104 done: VAL 0.60  TEST 0.69  (CEM TEST 0.12)  [64 min elapsed]

   seed 105 warm-start VAL -0.41
   seed 105 step   3000 | VAL -9.18 (best -0.41) | alpha 0.567
   seed 105 step   6000 | VAL -2.72 (best -0.41) | alpha 0.315
   seed 105 step   9000 | VAL -2.24 (best -0.41) | alpha 0.174
   seed 105 step  12000 | VAL -2.47 (best -0.41) | alpha 0.097
   seed 105 step  15000 | VAL -1.81 (best -0.41) | alpha 0.055
   seed 105 step  18000 | VAL -1.77 (best -0.41) | alpha 0.032
   seed 105 step  21000 | VAL -2.22 (best -0.41) | alpha 0.018
   seed 105 step  24000 | VAL -2.85 (best -0.41) | alpha 0.012
   seed 105 step  27000 | VAL -2.50 (best -0.41) | alpha 0.012
   seed 105 step  30000 | VAL -1.48 (best -0.41) | alpha 0.012
   seed 105 step  33000 | VAL -2.52 (best -0.41) | alpha 0.011
   seed 105 step  36000 | VAL -1.69 (best -0.41) | alpha 0.011
   seed 105 step  39000 | VAL -1.63 (best -0.41) | alpha 0.011
   seed 105 step  42000 | VAL -1.69 (best -0.41) | alpha 0.011
   seed 105 step  45000 | VAL -2.17 (best -0.41) | alpha 0.011
   seed 105 step  48000 | VAL -1.22 (best -0.41) | alpha 0.010
   seed 105 step  51000 | VAL -1.76 (best -0.41) | alpha 0.010
   seed 105 step  54000 | VAL -1.52 (best -0.41) | alpha 0.010
   seed 105 step  57000 | VAL -1.34 (best -0.41) | alpha 0.010
   seed 105 step  60000 | VAL -1.10 (best -0.41) | alpha 0.010
=== seed 105 done: VAL -0.41  TEST -0.34  (CEM TEST 0.12)  [81 min elapsed]

   seed 106 warm-start VAL -0.38
   seed 106 step   3000 | VAL -6.82 (best -0.38) | alpha 0.566
   seed 106 step   6000 | VAL -4.25 (best -0.38) | alpha 0.314
   seed 106 step   9000 | VAL -2.44 (best -0.38) | alpha 0.174
   seed 106 step  12000 | VAL -2.20 (best -0.38) | alpha 0.097
   seed 106 step  15000 | VAL -2.05 (best -0.38) | alpha 0.054
   seed 106 step  18000 | VAL -1.61 (best -0.38) | alpha 0.031
   seed 106 step  21000 | VAL -2.47 (best -0.38) | alpha 0.018
   seed 106 step  24000 | VAL -2.01 (best -0.38) | alpha 0.012
   seed 106 step  27000 | VAL -2.82 (best -0.38) | alpha 0.011
   seed 106 step  30000 | VAL -2.54 (best -0.38) | alpha 0.011
   seed 106 step  33000 | VAL -1.43 (best -0.38) | alpha 0.012
   seed 106 step  36000 | VAL -0.58 (best -0.38) | alpha 0.013
   seed 106 step  39000 | VAL -0.47 (best -0.38) | alpha 0.014
   seed 106 step  42000 | VAL -0.06 (best -0.06) | alpha 0.013
   seed 106 step  45000 | VAL 0.08 (best 0.08) | alpha 0.013
   seed 106 step  48000 | VAL 0.00 (best 0.08) | alpha 0.013
   seed 106 step  51000 | VAL 0.06 (best 0.08) | alpha 0.012
   seed 106 step  54000 | VAL 0.36 (best 0.36) | alpha 0.012
   seed 106 step  57000 | VAL 0.10 (best 0.36) | alpha 0.012
   seed 106 step  60000 | VAL -0.06 (best 0.36) | alpha 0.012
=== seed 106 done: VAL 0.36  TEST 0.39  (CEM TEST 0.12)  [97 min elapsed]

   seed 107 warm-start VAL -0.44
   seed 107 step   3000 | VAL -9.38 (best -0.44) | alpha 0.567
   seed 107 step   6000 | VAL -3.95 (best -0.44) | alpha 0.314
   seed 107 step   9000 | VAL -4.79 (best -0.44) | alpha 0.174
   seed 107 step  12000 | VAL -1.67 (best -0.44) | alpha 0.097
   seed 107 step  15000 | VAL -1.86 (best -0.44) | alpha 0.054
   seed 107 step  18000 | VAL -2.18 (best -0.44) | alpha 0.031
   seed 107 step  21000 | VAL -2.68 (best -0.44) | alpha 0.018
   seed 107 step  24000 | VAL -2.36 (best -0.44) | alpha 0.012
   seed 107 step  27000 | VAL -1.89 (best -0.44) | alpha 0.012
   seed 107 step  30000 | VAL -2.09 (best -0.44) | alpha 0.012
   seed 107 step  33000 | VAL -2.35 (best -0.44) | alpha 0.011
   seed 107 step  36000 | VAL -3.66 (best -0.44) | alpha 0.011
   seed 107 step  39000 | VAL -2.16 (best -0.44) | alpha 0.011
   seed 107 step  42000 | VAL -1.78 (best -0.44) | alpha 0.011
   seed 107 step  45000 | VAL -1.75 (best -0.44) | alpha 0.011
   seed 107 step  48000 | VAL -1.89 (best -0.44) | alpha 0.011
   seed 107 step  51000 | VAL -2.31 (best -0.44) | alpha 0.011
   seed 107 step  54000 | VAL -1.36 (best -0.44) | alpha 0.011
   seed 107 step  57000 | VAL -1.48 (best -0.44) | alpha 0.010
   seed 107 step  60000 | VAL -1.60 (best -0.44) | alpha 0.011
=== seed 107 done: VAL -0.44  TEST -0.26  (CEM TEST 0.12)  [113 min elapsed]

   seed 108 warm-start VAL -0.32
   seed 108 step   3000 | VAL -10.54 (best -0.32) | alpha 0.567
   seed 108 step   6000 | VAL -3.07 (best -0.32) | alpha 0.315
   seed 108 step   9000 | VAL -2.80 (best -0.32) | alpha 0.175
   seed 108 step  12000 | VAL -2.12 (best -0.32) | alpha 0.097
   seed 108 step  15000 | VAL -2.47 (best -0.32) | alpha 0.055
   seed 108 step  18000 | VAL -2.06 (best -0.32) | alpha 0.031
   seed 108 step  21000 | VAL -2.18 (best -0.32) | alpha 0.018
   seed 108 step  24000 | VAL -2.33 (best -0.32) | alpha 0.012
   seed 108 step  27000 | VAL -3.17 (best -0.32) | alpha 0.011
   seed 108 step  30000 | VAL -1.74 (best -0.32) | alpha 0.011
   seed 108 step  33000 | VAL -1.93 (best -0.32) | alpha 0.011
   seed 108 step  36000 | VAL -1.66 (best -0.32) | alpha 0.010
   seed 108 step  39000 | VAL -2.23 (best -0.32) | alpha 0.011
   seed 108 step  42000 | VAL -2.50 (best -0.32) | alpha 0.010
   seed 108 step  45000 | VAL -1.87 (best -0.32) | alpha 0.010
   seed 108 step  48000 | VAL -2.33 (best -0.32) | alpha 0.010
   seed 108 step  51000 | VAL -1.25 (best -0.32) | alpha 0.010
   seed 108 step  54000 | VAL -0.79 (best -0.32) | alpha 0.010
   seed 108 step  57000 | VAL -1.72 (best -0.32) | alpha 0.010
   seed 108 step  60000 | VAL -1.13 (best -0.32) | alpha 0.011
=== seed 108 done: VAL -0.32  TEST -0.23  (CEM TEST 0.12)  [130 min elapsed]

   seed 109 warm-start VAL -0.50
   seed 109 step   3000 | VAL -7.52 (best -0.50) | alpha 0.565
   seed 109 step   6000 | VAL -2.99 (best -0.50) | alpha 0.313
   seed 109 step   9000 | VAL -3.02 (best -0.50) | alpha 0.174
   seed 109 step  12000 | VAL -1.96 (best -0.50) | alpha 0.097
   seed 109 step  15000 | VAL -1.90 (best -0.50) | alpha 0.055
   seed 109 step  18000 | VAL -3.00 (best -0.50) | alpha 0.031
   seed 109 step  21000 | VAL -2.51 (best -0.50) | alpha 0.018
   seed 109 step  24000 | VAL -3.02 (best -0.50) | alpha 0.012
   seed 109 step  27000 | VAL -2.79 (best -0.50) | alpha 0.011
   seed 109 step  30000 | VAL -2.04 (best -0.50) | alpha 0.012
   seed 109 step  33000 | VAL -2.16 (best -0.50) | alpha 0.012
   seed 109 step  36000 | VAL -1.56 (best -0.50) | alpha 0.012
   seed 109 step  39000 | VAL -1.56 (best -0.50) | alpha 0.011
   seed 109 step  42000 | VAL -1.98 (best -0.50) | alpha 0.012
   seed 109 step  45000 | VAL -1.45 (best -0.50) | alpha 0.012
   seed 109 step  48000 | VAL -0.99 (best -0.50) | alpha 0.011
   seed 109 step  51000 | VAL -0.41 (best -0.41) | alpha 0.011
   seed 109 step  54000 | VAL -0.28 (best -0.28) | alpha 0.012
   seed 109 step  57000 | VAL -0.15 (best -0.15) | alpha 0.012
   seed 109 step  60000 | VAL 0.29 (best 0.29) | alpha 0.012
=== seed 109 done: VAL 0.29  TEST 0.24  (CEM TEST 0.12)  [146 min elapsed]

   seed 110 warm-start VAL -0.32
   seed 110 step   3000 | VAL -10.11 (best -0.32) | alpha 0.566
   seed 110 step   6000 | VAL -1.81 (best -0.32) | alpha 0.315
   seed 110 step   9000 | VAL -2.93 (best -0.32) | alpha 0.175
   seed 110 step  12000 | VAL -2.06 (best -0.32) | alpha 0.097
   seed 110 step  15000 | VAL -1.62 (best -0.32) | alpha 0.055
   seed 110 step  18000 | VAL -2.13 (best -0.32) | alpha 0.031
   seed 110 step  21000 | VAL -1.78 (best -0.32) | alpha 0.018
   seed 110 step  24000 | VAL -2.41 (best -0.32) | alpha 0.012
   seed 110 step  27000 | VAL -2.04 (best -0.32) | alpha 0.011
   seed 110 step  30000 | VAL -2.66 (best -0.32) | alpha 0.010
   seed 110 step  33000 | VAL -1.50 (best -0.32) | alpha 0.011
   seed 110 step  36000 | VAL -1.93 (best -0.32) | alpha 0.011
   seed 110 step  39000 | VAL -1.40 (best -0.32) | alpha 0.011
   seed 110 step  42000 | VAL -2.23 (best -0.32) | alpha 0.011
   seed 110 step  45000 | VAL -0.28 (best -0.28) | alpha 0.011
   seed 110 step  48000 | VAL -0.33 (best -0.28) | alpha 0.011
   seed 110 step  51000 | VAL -0.28 (best -0.28) | alpha 0.012
   seed 110 step  54000 | VAL -0.21 (best -0.21) | alpha 0.012
   seed 110 step  57000 | VAL -0.34 (best -0.21) | alpha 0.012
   seed 110 step  60000 | VAL -0.16 (best -0.16) | alpha 0.012
=== seed 110 done: VAL -0.16  TEST -0.63  (CEM TEST 0.12)  [163 min elapsed]

   seed 111 warm-start VAL -0.20
   seed 111 step   3000 | VAL -7.19 (best -0.20) | alpha 0.562
   seed 111 step   6000 | VAL -3.86 (best -0.20) | alpha 0.312
   seed 111 step   9000 | VAL -3.85 (best -0.20) | alpha 0.173
   seed 111 step  12000 | VAL -1.72 (best -0.20) | alpha 0.096
   seed 111 step  15000 | VAL -1.79 (best -0.20) | alpha 0.054
   seed 111 step  18000 | VAL -2.10 (best -0.20) | alpha 0.031
   seed 111 step  21000 | VAL -1.70 (best -0.20) | alpha 0.018
   seed 111 step  24000 | VAL -1.93 (best -0.20) | alpha 0.013
   seed 111 step  27000 | VAL -1.72 (best -0.20) | alpha 0.012
   seed 111 step  30000 | VAL -1.13 (best -0.20) | alpha 0.012
   seed 111 step  33000 | VAL -1.80 (best -0.20) | alpha 0.012
   seed 111 step  36000 | VAL -1.53 (best -0.20) | alpha 0.012
   seed 111 step  39000 | VAL -1.80 (best -0.20) | alpha 0.013
   seed 111 step  42000 | VAL -1.61 (best -0.20) | alpha 0.012
   seed 111 step  45000 | VAL -2.28 (best -0.20) | alpha 0.012
   seed 111 step  48000 | VAL -1.98 (best -0.20) | alpha 0.012
   seed 111 step  51000 | VAL -1.67 (best -0.20) | alpha 0.012
   seed 111 step  54000 | VAL -1.56 (best -0.20) | alpha 0.011
   seed 111 step  57000 | VAL -1.44 (best -0.20) | alpha 0.011
   seed 111 step  60000 | VAL -0.89 (best -0.20) | alpha 0.011
=== seed 111 done: VAL -0.20  TEST -0.42  (CEM TEST 0.12)  [179 min elapsed]

   seed 112 warm-start VAL -0.53
   seed 112 step   3000 | VAL -10.35 (best -0.53) | alpha 0.564
   seed 112 step   6000 | VAL -3.44 (best -0.53) | alpha 0.313
   seed 112 step   9000 | VAL -2.74 (best -0.53) | alpha 0.174
   seed 112 step  12000 | VAL -2.17 (best -0.53) | alpha 0.097
   seed 112 step  15000 | VAL -1.81 (best -0.53) | alpha 0.055
   seed 112 step  18000 | VAL -2.09 (best -0.53) | alpha 0.031
   seed 112 step  21000 | VAL -2.56 (best -0.53) | alpha 0.018
   seed 112 step  24000 | VAL -1.15 (best -0.53) | alpha 0.012
   seed 112 step  27000 | VAL -0.99 (best -0.53) | alpha 0.011
   seed 112 step  30000 | VAL -0.08 (best -0.08) | alpha 0.012
   seed 112 step  33000 | VAL 0.02 (best 0.02) | alpha 0.012
   seed 112 step  36000 | VAL 0.40 (best 0.40) | alpha 0.012
   seed 112 step  39000 | VAL 0.76 (best 0.76) | alpha 0.012
   seed 112 step  42000 | VAL 0.40 (best 0.76) | alpha 0.012
   seed 112 step  45000 | VAL 0.61 (best 0.76) | alpha 0.012
   seed 112 step  48000 | VAL 0.44 (best 0.76) | alpha 0.012
   seed 112 step  51000 | VAL 0.55 (best 0.76) | alpha 0.011
   seed 112 step  54000 | VAL 0.56 (best 0.76) | alpha 0.011
   seed 112 step  57000 | VAL 0.48 (best 0.76) | alpha 0.011
   seed 112 step  60000 | VAL 0.67 (best 0.76) | alpha 0.011
=== seed 112 done: VAL 0.76  TEST 0.59  (CEM TEST 0.12)  [196 min elapsed]

   seed 113 warm-start VAL -0.21
   seed 113 step   3000 | VAL -6.59 (best -0.21) | alpha 0.567
   seed 113 step   6000 | VAL -3.14 (best -0.21) | alpha 0.314
   seed 113 step   9000 | VAL -2.62 (best -0.21) | alpha 0.175
   seed 113 step  12000 | VAL -2.06 (best -0.21) | alpha 0.097
   seed 113 step  15000 | VAL -1.59 (best -0.21) | alpha 0.055
   seed 113 step  18000 | VAL -1.97 (best -0.21) | alpha 0.031
   seed 113 step  21000 | VAL -3.85 (best -0.21) | alpha 0.018
   seed 113 step  24000 | VAL -1.38 (best -0.21) | alpha 0.012
   seed 113 step  27000 | VAL -1.96 (best -0.21) | alpha 0.011
   seed 113 step  30000 | VAL -2.28 (best -0.21) | alpha 0.010
   seed 113 step  33000 | VAL -2.22 (best -0.21) | alpha 0.010
   seed 113 step  36000 | VAL -2.45 (best -0.21) | alpha 0.010
   seed 113 step  39000 | VAL -3.25 (best -0.21) | alpha 0.010
   seed 113 step  42000 | VAL -2.23 (best -0.21) | alpha 0.011
   seed 113 step  45000 | VAL -2.08 (best -0.21) | alpha 0.010
   seed 113 step  48000 | VAL -2.09 (best -0.21) | alpha 0.011
   seed 113 step  51000 | VAL -2.18 (best -0.21) | alpha 0.010
   seed 113 step  54000 | VAL -1.82 (best -0.21) | alpha 0.010
   seed 113 step  57000 | VAL -2.65 (best -0.21) | alpha 0.010
   seed 113 step  60000 | VAL -1.89 (best -0.21) | alpha 0.010
=== seed 113 done: VAL -0.21  TEST -0.29  (CEM TEST 0.12)  [213 min elapsed]

   seed 114 warm-start VAL -0.24
   seed 114 step   3000 | VAL -8.44 (best -0.24) | alpha 0.568
   seed 114 step   6000 | VAL -2.96 (best -0.24) | alpha 0.315
   seed 114 step   9000 | VAL -2.99 (best -0.24) | alpha 0.174
   seed 114 step  12000 | VAL -1.44 (best -0.24) | alpha 0.097
   seed 114 step  15000 | VAL -1.46 (best -0.24) | alpha 0.055
   seed 114 step  18000 | VAL -2.17 (best -0.24) | alpha 0.031
   seed 114 step  21000 | VAL -1.97 (best -0.24) | alpha 0.018
   seed 114 step  24000 | VAL -1.88 (best -0.24) | alpha 0.012
   seed 114 step  27000 | VAL -1.36 (best -0.24) | alpha 0.011
   seed 114 step  30000 | VAL -1.67 (best -0.24) | alpha 0.010
   seed 114 step  33000 | VAL -1.48 (best -0.24) | alpha 0.011
   seed 114 step  36000 | VAL -1.30 (best -0.24) | alpha 0.010
   seed 114 step  39000 | VAL -1.11 (best -0.24) | alpha 0.010
   seed 114 step  42000 | VAL -2.01 (best -0.24) | alpha 0.010
   seed 114 step  45000 | VAL -0.97 (best -0.24) | alpha 0.010
   seed 114 step  48000 | VAL -2.11 (best -0.24) | alpha 0.010
   seed 114 step  51000 | VAL -2.06 (best -0.24) | alpha 0.010
   seed 114 step  54000 | VAL -2.08 (best -0.24) | alpha 0.010
   seed 114 step  57000 | VAL -1.36 (best -0.24) | alpha 0.010
   seed 114 step  60000 | VAL -2.10 (best -0.24) | alpha 0.010
=== seed 114 done: VAL -0.24  TEST -0.24  (CEM TEST 0.12)  [230 min elapsed]

   seed 115 warm-start VAL -0.26
   seed 115 step   3000 | VAL -26.65 (best -0.26) | alpha 0.564
   seed 115 step   6000 | VAL -3.17 (best -0.26) | alpha 0.313
   seed 115 step   9000 | VAL -3.94 (best -0.26) | alpha 0.174
   seed 115 step  12000 | VAL -2.37 (best -0.26) | alpha 0.097
   seed 115 step  15000 | VAL -1.90 (best -0.26) | alpha 0.054
   seed 115 step  18000 | VAL -1.65 (best -0.26) | alpha 0.031
   seed 115 step  21000 | VAL -2.61 (best -0.26) | alpha 0.018
   seed 115 step  24000 | VAL -1.97 (best -0.26) | alpha 0.012
   seed 115 step  27000 | VAL -2.41 (best -0.26) | alpha 0.011
   seed 115 step  30000 | VAL -3.01 (best -0.26) | alpha 0.011
   seed 115 step  33000 | VAL -1.40 (best -0.26) | alpha 0.010
   seed 115 step  36000 | VAL -2.45 (best -0.26) | alpha 0.010
   seed 115 step  39000 | VAL -2.73 (best -0.26) | alpha 0.010
   seed 115 step  42000 | VAL -1.73 (best -0.26) | alpha 0.010
   seed 115 step  45000 | VAL -1.75 (best -0.26) | alpha 0.010
   seed 115 step  48000 | VAL -2.23 (best -0.26) | alpha 0.010
   seed 115 step  51000 | VAL -1.26 (best -0.26) | alpha 0.011
   seed 115 step  54000 | VAL -1.67 (best -0.26) | alpha 0.010
   seed 115 step  57000 | VAL -1.71 (best -0.26) | alpha 0.010
   seed 115 step  60000 | VAL -0.96 (best -0.26) | alpha 0.010
=== seed 115 done: VAL -0.26  TEST -0.37  (CEM TEST 0.12)  [246 min elapsed]

  Activating project at `~/Documents/trabajo/academia/unam/proyectos investigacion/bio/invernaderos/invernaderosV3.0/GreenhouseControl`

=========================== CAMPAIGN SUMMARY ===========================
15 seeds in 4.1 h | steps/seed 60000
CEM constant   : VAL 0.12  TEST 0.12
SAC best-ckpt  : TEST -0.13 +/- 0.40  (best seed TEST 0.69)
SAC beats CEM on TEST in 4 / 15 seeds
SAC TEST  median -0.26  worst-seed -0.63  best-seed 0.69
per-seed TEST: -0.18, -0.42, -0.40, 0.69, -0.34, 0.39, -0.26, -0.23, 0.24, -0.63, -0.42, 0.59, -0.29, -0.24, -0.37

per-TEST-year profit (best-VAL seed 112):
year        CEM      SAC
1990      -1.17    -0.59
1997       0.67     0.47
2003      -1.50    -0.09
2009       0.33     0.89
2014       1.94     2.15
2015       0.44     0.72
           0.12     0.59   (mean)

best actor -> test/sac_actor_best.jls ; per-seed actors -> test/campaign_actors/ ; manifest -> test/campaign_manifest.csv
