splits: TRAIN 18, VAL 6, TEST 6 years
CEM constant: VAL -0.34  TEST -0.37  EUR/m2
budget 6.0 h, up to 15 seeds, 60000 steps/seed, lr 1e-04, target-entropy -3.0, demo_frac 0.25

   seed 101 warm-start VAL -0.47
   seed 101 step   3000 | VAL -3.78 (best -0.47) | alpha 0.565
   seed 101 step   6000 | VAL -0.85 (best -0.47) | alpha 0.314
   seed 101 step   9000 | VAL -1.60 (best -0.47) | alpha 0.174
   seed 101 step  12000 | VAL -1.37 (best -0.47) | alpha 0.098
   seed 101 step  15000 | VAL -1.65 (best -0.47) | alpha 0.055
   seed 101 step  18000 | VAL -1.34 (best -0.47) | alpha 0.032
   seed 101 step  21000 | VAL -1.26 (best -0.47) | alpha 0.019
   seed 101 step  24000 | VAL -1.57 (best -0.47) | alpha 0.012
   seed 101 step  27000 | VAL -2.23 (best -0.47) | alpha 0.011
   seed 101 step  30000 | VAL -0.09 (best -0.09) | alpha 0.011
   seed 101 step  33000 | VAL -0.47 (best -0.09) | alpha 0.012
   seed 101 step  36000 | VAL -0.15 (best -0.09) | alpha 0.012
   seed 101 step  39000 | VAL 0.77 (best 0.77) | alpha 0.012
   seed 101 step  42000 | VAL 0.81 (best 0.81) | alpha 0.013
   seed 101 step  45000 | VAL 2.01 (best 2.01) | alpha 0.013
   seed 101 step  48000 | VAL 2.25 (best 2.25) | alpha 0.014
   seed 101 step  51000 | VAL 2.18 (best 2.25) | alpha 0.014
   seed 101 step  54000 | VAL 1.77 (best 2.25) | alpha 0.014
   seed 101 step  57000 | VAL 2.16 (best 2.25) | alpha 0.014
   seed 101 step  60000 | VAL 1.66 (best 2.25) | alpha 0.014
=== seed 101 done: VAL 2.25  TEST 2.22  (CEM TEST -0.37)  [15 min elapsed]

   seed 102 warm-start VAL -0.22
   seed 102 step   3000 | VAL -2.85 (best -0.22) | alpha 0.565
   seed 102 step   6000 | VAL -1.11 (best -0.22) | alpha 0.317
   seed 102 step   9000 | VAL -1.83 (best -0.22) | alpha 0.182
   seed 102 step  12000 | VAL -1.42 (best -0.22) | alpha 0.108
   seed 102 step  15000 | VAL -1.25 (best -0.22) | alpha 0.070
   seed 102 step  18000 | VAL -1.52 (best -0.22) | alpha 0.057
   seed 102 step  21000 | VAL 0.53 (best 0.53) | alpha 0.050
   seed 102 step  24000 | VAL 0.55 (best 0.55) | alpha 0.048
   seed 102 step  27000 | VAL -0.01 (best 0.55) | alpha 0.050
   seed 102 step  30000 | VAL -0.26 (best 0.55) | alpha 0.051
   seed 102 step  33000 | VAL 0.08 (best 0.55) | alpha 0.050
   seed 102 step  36000 | VAL 0.01 (best 0.55) | alpha 0.050
   seed 102 step  39000 | VAL 0.87 (best 0.87) | alpha 0.050
   seed 102 step  42000 | VAL 1.37 (best 1.37) | alpha 0.051
   seed 102 step  45000 | VAL 1.04 (best 1.37) | alpha 0.052
   seed 102 step  48000 | VAL 1.45 (best 1.45) | alpha 0.053
   seed 102 step  51000 | VAL 1.15 (best 1.45) | alpha 0.052
   seed 102 step  54000 | VAL 1.66 (best 1.66) | alpha 0.053
   seed 102 step  57000 | VAL 1.41 (best 1.66) | alpha 0.051
   seed 102 step  60000 | VAL 1.26 (best 1.66) | alpha 0.051
=== seed 102 done: VAL 1.66  TEST 1.49  (CEM TEST -0.37)  [30 min elapsed]

   seed 103 warm-start VAL -0.27
   seed 103 step   3000 | VAL -6.04 (best -0.27) | alpha 0.565
   seed 103 step   6000 | VAL -0.73 (best -0.27) | alpha 0.314
   seed 103 step   9000 | VAL -1.51 (best -0.27) | alpha 0.175
   seed 103 step  12000 | VAL -1.09 (best -0.27) | alpha 0.097
   seed 103 step  15000 | VAL -1.44 (best -0.27) | alpha 0.055
   seed 103 step  18000 | VAL -1.72 (best -0.27) | alpha 0.031
   seed 103 step  21000 | VAL -1.70 (best -0.27) | alpha 0.019
   seed 103 step  24000 | VAL -1.05 (best -0.27) | alpha 0.013
   seed 103 step  27000 | VAL -0.90 (best -0.27) | alpha 0.013
   seed 103 step  30000 | VAL -2.32 (best -0.27) | alpha 0.011
   seed 103 step  33000 | VAL -0.71 (best -0.27) | alpha 0.011
   seed 103 step  36000 | VAL -1.38 (best -0.27) | alpha 0.010
   seed 103 step  39000 | VAL -0.57 (best -0.27) | alpha 0.010
   seed 103 step  42000 | VAL -0.32 (best -0.27) | alpha 0.010
   seed 103 step  45000 | VAL -0.16 (best -0.16) | alpha 0.011
   seed 103 step  48000 | VAL 0.21 (best 0.21) | alpha 0.010
   seed 103 step  51000 | VAL 0.06 (best 0.21) | alpha 0.011
   seed 103 step  54000 | VAL 0.50 (best 0.50) | alpha 0.011
   seed 103 step  57000 | VAL 0.62 (best 0.62) | alpha 0.011
   seed 103 step  60000 | VAL 0.68 (best 0.68) | alpha 0.011
=== seed 103 done: VAL 0.68  TEST 0.55  (CEM TEST -0.37)  [46 min elapsed]

   seed 104 warm-start VAL -0.13
   seed 104 step   3000 | VAL -5.90 (best -0.13) | alpha 0.566
   seed 104 step   6000 | VAL -0.13 (best -0.13) | alpha 0.314
   seed 104 step   9000 | VAL -1.35 (best -0.13) | alpha 0.175
   seed 104 step  12000 | VAL -1.61 (best -0.13) | alpha 0.098
   seed 104 step  15000 | VAL -1.67 (best -0.13) | alpha 0.055
   seed 104 step  18000 | VAL -1.31 (best -0.13) | alpha 0.031
   seed 104 step  21000 | VAL -0.90 (best -0.13) | alpha 0.018
   seed 104 step  24000 | VAL -1.80 (best -0.13) | alpha 0.013
   seed 104 step  27000 | VAL -1.64 (best -0.13) | alpha 0.012
   seed 104 step  30000 | VAL -1.23 (best -0.13) | alpha 0.011
   seed 104 step  33000 | VAL -1.17 (best -0.13) | alpha 0.011
   seed 104 step  36000 | VAL -0.62 (best -0.13) | alpha 0.011
   seed 104 step  39000 | VAL -0.62 (best -0.13) | alpha 0.011
   seed 104 step  42000 | VAL -0.65 (best -0.13) | alpha 0.012
   seed 104 step  45000 | VAL -0.26 (best -0.13) | alpha 0.012
   seed 104 step  48000 | VAL 0.76 (best 0.76) | alpha 0.012
   seed 104 step  51000 | VAL 1.57 (best 1.57) | alpha 0.013
   seed 104 step  54000 | VAL 1.21 (best 1.57) | alpha 0.013
   seed 104 step  57000 | VAL 0.60 (best 1.57) | alpha 0.013
   seed 104 step  60000 | VAL 1.80 (best 1.80) | alpha 0.013
=== seed 104 done: VAL 1.80  TEST 1.69  (CEM TEST -0.37)  [62 min elapsed]

   seed 105 warm-start VAL -0.23
   seed 105 step   3000 | VAL -8.96 (best -0.23) | alpha 0.567
   seed 105 step   6000 | VAL -3.02 (best -0.23) | alpha 0.314
   seed 105 step   9000 | VAL -1.87 (best -0.23) | alpha 0.175
   seed 105 step  12000 | VAL -2.10 (best -0.23) | alpha 0.098
   seed 105 step  15000 | VAL -1.26 (best -0.23) | alpha 0.055
   seed 105 step  18000 | VAL -1.55 (best -0.23) | alpha 0.031
   seed 105 step  21000 | VAL -2.01 (best -0.23) | alpha 0.019
   seed 105 step  24000 | VAL -1.59 (best -0.23) | alpha 0.012
   seed 105 step  27000 | VAL -1.03 (best -0.23) | alpha 0.011
   seed 105 step  30000 | VAL -1.85 (best -0.23) | alpha 0.011
   seed 105 step  33000 | VAL -1.12 (best -0.23) | alpha 0.010
   seed 105 step  36000 | VAL -1.40 (best -0.23) | alpha 0.011
   seed 105 step  39000 | VAL 0.12 (best 0.12) | alpha 0.013
   seed 105 step  42000 | VAL 0.65 (best 0.65) | alpha 0.014
   seed 105 step  45000 | VAL -0.08 (best 0.65) | alpha 0.013
   seed 105 step  48000 | VAL -0.41 (best 0.65) | alpha 0.013
   seed 105 step  51000 | VAL 0.62 (best 0.65) | alpha 0.013
   seed 105 step  54000 | VAL 0.30 (best 0.65) | alpha 0.013
   seed 105 step  57000 | VAL 0.01 (best 0.65) | alpha 0.013
   seed 105 step  60000 | VAL 0.78 (best 0.78) | alpha 0.013
=== seed 105 done: VAL 0.78  TEST 0.63  (CEM TEST -0.37)  [78 min elapsed]

   seed 106 warm-start VAL -0.16
   seed 106 step   3000 | VAL -5.84 (best -0.16) | alpha 1.242
   seed 106 step   6000 | VAL -10.27 (best -0.16) | alpha 1.094
   seed 106 step   9000 | VAL -9.39 (best -0.16) | alpha 0.552
   seed 106 step  12000 | VAL -1.34 (best -0.16) | alpha 0.306
   seed 106 step  15000 | VAL -2.36 (best -0.16) | alpha 0.171
   seed 106 step  18000 | VAL -1.49 (best -0.16) | alpha 0.096
   seed 106 step  21000 | VAL -1.48 (best -0.16) | alpha 0.055
   seed 106 step  24000 | VAL -1.87 (best -0.16) | alpha 0.031
   seed 106 step  27000 | VAL -2.90 (best -0.16) | alpha 0.019
   seed 106 step  30000 | VAL -1.20 (best -0.16) | alpha 0.013
   seed 106 step  33000 | VAL -1.20 (best -0.16) | alpha 0.013
   seed 106 step  36000 | VAL -0.43 (best -0.16) | alpha 0.013
   seed 106 step  39000 | VAL 0.16 (best 0.16) | alpha 0.013
   seed 106 step  42000 | VAL 0.39 (best 0.39) | alpha 0.013
   seed 106 step  45000 | VAL 0.66 (best 0.66) | alpha 0.012
   seed 106 step  48000 | VAL 0.92 (best 0.92) | alpha 0.013
   seed 106 step  51000 | VAL 1.06 (best 1.06) | alpha 0.013
   seed 106 step  54000 | VAL 0.84 (best 1.06) | alpha 0.013
   seed 106 step  57000 | VAL 0.85 (best 1.06) | alpha 0.013
   seed 106 step  60000 | VAL 1.30 (best 1.30) | alpha 0.013
=== seed 106 done: VAL 1.30  TEST 1.34  (CEM TEST -0.37)  [95 min elapsed]

   seed 107 warm-start VAL -0.08
   seed 107 step   3000 | VAL -8.60 (best -0.08) | alpha 0.566
   seed 107 step   6000 | VAL -2.90 (best -0.08) | alpha 0.314
   seed 107 step   9000 | VAL -1.93 (best -0.08) | alpha 0.174
   seed 107 step  12000 | VAL -1.08 (best -0.08) | alpha 0.098
   seed 107 step  15000 | VAL -1.60 (best -0.08) | alpha 0.055
   seed 107 step  18000 | VAL -1.40 (best -0.08) | alpha 0.031
   seed 107 step  21000 | VAL -1.45 (best -0.08) | alpha 0.019
   seed 107 step  24000 | VAL -1.75 (best -0.08) | alpha 0.012
   seed 107 step  27000 | VAL -1.12 (best -0.08) | alpha 0.011
   seed 107 step  30000 | VAL -1.60 (best -0.08) | alpha 0.011
   seed 107 step  33000 | VAL -1.34 (best -0.08) | alpha 0.010
   seed 107 step  36000 | VAL -0.25 (best -0.08) | alpha 0.010
   seed 107 step  39000 | VAL 0.37 (best 0.37) | alpha 0.011
   seed 107 step  42000 | VAL 0.48 (best 0.48) | alpha 0.013
   seed 107 step  45000 | VAL 0.09 (best 0.48) | alpha 0.013
   seed 107 step  48000 | VAL 0.39 (best 0.48) | alpha 0.013
   seed 107 step  51000 | VAL 0.33 (best 0.48) | alpha 0.012
   seed 107 step  54000 | VAL 0.42 (best 0.48) | alpha 0.012
   seed 107 step  57000 | VAL 0.97 (best 0.97) | alpha 0.012
   seed 107 step  60000 | VAL 0.13 (best 0.97) | alpha 0.012
=== seed 107 done: VAL 0.97  TEST 0.91  (CEM TEST -0.37)  [111 min elapsed]

   seed 108 warm-start VAL -0.55
   seed 108 step   3000 | VAL -7.50 (best -0.55) | alpha 0.566
   seed 108 step   6000 | VAL -2.04 (best -0.55) | alpha 0.314
   seed 108 step   9000 | VAL -1.70 (best -0.55) | alpha 0.175
   seed 108 step  12000 | VAL -1.69 (best -0.55) | alpha 0.098
   seed 108 step  15000 | VAL -1.62 (best -0.55) | alpha 0.055
   seed 108 step  18000 | VAL -1.57 (best -0.55) | alpha 0.031
   seed 108 step  21000 | VAL -1.92 (best -0.55) | alpha 0.019
   seed 108 step  24000 | VAL -0.93 (best -0.55) | alpha 0.012
   seed 108 step  27000 | VAL -1.42 (best -0.55) | alpha 0.011
   seed 108 step  30000 | VAL -0.49 (best -0.49) | alpha 0.010
   seed 108 step  33000 | VAL -0.99 (best -0.49) | alpha 0.011
   seed 108 step  36000 | VAL -1.60 (best -0.49) | alpha 0.011
   seed 108 step  39000 | VAL -0.94 (best -0.49) | alpha 0.011
   seed 108 step  42000 | VAL 0.78 (best 0.78) | alpha 0.011
   seed 108 step  45000 | VAL -0.50 (best 0.78) | alpha 0.011
   seed 108 step  48000 | VAL 0.25 (best 0.78) | alpha 0.012
   seed 108 step  51000 | VAL 1.08 (best 1.08) | alpha 0.012
   seed 108 step  54000 | VAL 1.20 (best 1.20) | alpha 0.012
   seed 108 step  57000 | VAL 0.98 (best 1.20) | alpha 0.012
   seed 108 step  60000 | VAL 0.77 (best 1.20) | alpha 0.012
=== seed 108 done: VAL 1.20  TEST 1.17  (CEM TEST -0.37)  [127 min elapsed]

   seed 109 warm-start VAL -0.33
   seed 109 step   3000 | VAL -5.32 (best -0.33) | alpha 0.566
   seed 109 step   6000 | VAL -0.96 (best -0.33) | alpha 0.313
   seed 109 step   9000 | VAL -1.77 (best -0.33) | alpha 0.175
   seed 109 step  12000 | VAL -1.57 (best -0.33) | alpha 0.098
   seed 109 step  15000 | VAL -1.46 (best -0.33) | alpha 0.055
   seed 109 step  18000 | VAL -1.28 (best -0.33) | alpha 0.032
   seed 109 step  21000 | VAL -0.97 (best -0.33) | alpha 0.019
   seed 109 step  24000 | VAL -0.35 (best -0.33) | alpha 0.014
   seed 109 step  27000 | VAL 0.60 (best 0.60) | alpha 0.013
   seed 109 step  30000 | VAL 0.68 (best 0.68) | alpha 0.013
   seed 109 step  33000 | VAL 0.56 (best 0.68) | alpha 0.013
   seed 109 step  36000 | VAL 0.19 (best 0.68) | alpha 0.013
   seed 109 step  39000 | VAL 0.69 (best 0.69) | alpha 0.012
   seed 109 step  42000 | VAL 0.34 (best 0.69) | alpha 0.013
   seed 109 step  45000 | VAL 0.99 (best 0.99) | alpha 0.013
   seed 109 step  48000 | VAL 0.96 (best 0.99) | alpha 0.013
   seed 109 step  51000 | VAL 1.02 (best 1.02) | alpha 0.013
   seed 109 step  54000 | VAL 2.14 (best 2.14) | alpha 0.013
   seed 109 step  57000 | VAL 2.02 (best 2.14) | alpha 0.013
   seed 109 step  60000 | VAL 1.58 (best 2.14) | alpha 0.013
=== seed 109 done: VAL 2.14  TEST 1.93  (CEM TEST -0.37)  [144 min elapsed]

   seed 110 warm-start VAL -0.56
   seed 110 step   3000 | VAL -4.44 (best -0.56) | alpha 0.568
   seed 110 step   6000 | VAL -0.78 (best -0.56) | alpha 0.315
   seed 110 step   9000 | VAL -1.33 (best -0.56) | alpha 0.175
   seed 110 step  12000 | VAL -1.54 (best -0.56) | alpha 0.098
   seed 110 step  15000 | VAL -1.41 (best -0.56) | alpha 0.055
   seed 110 step  18000 | VAL -1.11 (best -0.56) | alpha 0.032
   seed 110 step  21000 | VAL -1.35 (best -0.56) | alpha 0.019
   seed 110 step  24000 | VAL -2.82 (best -0.56) | alpha 0.013
   seed 110 step  27000 | VAL -1.97 (best -0.56) | alpha 0.012
   seed 110 step  30000 | VAL -1.09 (best -0.56) | alpha 0.011
   seed 110 step  33000 | VAL -1.55 (best -0.56) | alpha 0.011
   seed 110 step  36000 | VAL -0.53 (best -0.53) | alpha 0.012
   seed 110 step  39000 | VAL 0.14 (best 0.14) | alpha 0.012
   seed 110 step  42000 | VAL 0.33 (best 0.33) | alpha 0.011
   seed 110 step  45000 | VAL 0.33 (best 0.33) | alpha 0.010
   seed 110 step  48000 | VAL 0.16 (best 0.33) | alpha 0.011
   seed 110 step  51000 | VAL 1.43 (best 1.43) | alpha 0.011
   seed 110 step  54000 | VAL 1.25 (best 1.43) | alpha 0.012
   seed 110 step  57000 | VAL 2.20 (best 2.20) | alpha 0.013
   seed 110 step  60000 | VAL 1.77 (best 2.20) | alpha 0.013
=== seed 110 done: VAL 2.20  TEST 2.13  (CEM TEST -0.37)  [161 min elapsed]

   seed 111 warm-start VAL -0.55
   seed 111 step   3000 | VAL -4.30 (best -0.55) | alpha 0.572
   seed 111 step   6000 | VAL -0.81 (best -0.55) | alpha 0.318
   seed 111 step   9000 | VAL -2.01 (best -0.55) | alpha 0.176
   seed 111 step  12000 | VAL -1.48 (best -0.55) | alpha 0.095
   seed 111 step  15000 | VAL -1.03 (best -0.55) | alpha 0.054
   seed 111 step  18000 | VAL -0.97 (best -0.55) | alpha 0.031
   seed 111 step  21000 | VAL -1.28 (best -0.55) | alpha 0.018
   seed 111 step  24000 | VAL -1.07 (best -0.55) | alpha 0.012
   seed 111 step  27000 | VAL -1.04 (best -0.55) | alpha 0.010
   seed 111 step  30000 | VAL -0.50 (best -0.50) | alpha 0.010
   seed 111 step  33000 | VAL -0.42 (best -0.42) | alpha 0.010
   seed 111 step  36000 | VAL 0.63 (best 0.63) | alpha 0.010
   seed 111 step  39000 | VAL 1.29 (best 1.29) | alpha 0.010
   seed 111 step  42000 | VAL 1.44 (best 1.44) | alpha 0.011
   seed 111 step  45000 | VAL 1.20 (best 1.44) | alpha 0.012
   seed 111 step  48000 | VAL 1.26 (best 1.44) | alpha 0.012
   seed 111 step  51000 | VAL 0.95 (best 1.44) | alpha 0.012
   seed 111 step  54000 | VAL 1.09 (best 1.44) | alpha 0.012
   seed 111 step  57000 | VAL 1.41 (best 1.44) | alpha 0.012
   seed 111 step  60000 | VAL 1.58 (best 1.58) | alpha 0.012
=== seed 111 done: VAL 1.58  TEST 1.50  (CEM TEST -0.37)  [177 min elapsed]

   seed 112 warm-start VAL -0.11
   seed 112 step   3000 | VAL -4.27 (best -0.11) | alpha 0.567
   seed 112 step   6000 | VAL -1.21 (best -0.11) | alpha 0.315
   seed 112 step   9000 | VAL -2.47 (best -0.11) | alpha 0.175
   seed 112 step  12000 | VAL -1.43 (best -0.11) | alpha 0.098
   seed 112 step  15000 | VAL -1.26 (best -0.11) | alpha 0.055
   seed 112 step  18000 | VAL -1.23 (best -0.11) | alpha 0.032
   seed 112 step  21000 | VAL -0.96 (best -0.11) | alpha 0.019
   seed 112 step  24000 | VAL -1.36 (best -0.11) | alpha 0.012
   seed 112 step  27000 | VAL -0.95 (best -0.11) | alpha 0.011
   seed 112 step  30000 | VAL -0.95 (best -0.11) | alpha 0.010
   seed 112 step  33000 | VAL -1.77 (best -0.11) | alpha 0.010
   seed 112 step  36000 | VAL 0.55 (best 0.55) | alpha 0.010
   seed 112 step  39000 | VAL 0.71 (best 0.71) | alpha 0.011
   seed 112 step  42000 | VAL -0.05 (best 0.71) | alpha 0.011
   seed 112 step  45000 | VAL 0.14 (best 0.71) | alpha 0.011
   seed 112 step  48000 | VAL -0.11 (best 0.71) | alpha 0.010
   seed 112 step  51000 | VAL 0.35 (best 0.71) | alpha 0.011
   seed 112 step  54000 | VAL 0.27 (best 0.71) | alpha 0.011
   seed 112 step  57000 | VAL 1.33 (best 1.33) | alpha 0.011
   seed 112 step  60000 | VAL 0.22 (best 1.33) | alpha 0.011
=== seed 112 done: VAL 1.33  TEST 0.90  (CEM TEST -0.37)  [193 min elapsed]

   seed 113 warm-start VAL -0.40
   seed 113 step   3000 | VAL -5.33 (best -0.40) | alpha 0.565
   seed 113 step   6000 | VAL -1.92 (best -0.40) | alpha 0.313
   seed 113 step   9000 | VAL -1.70 (best -0.40) | alpha 0.174
   seed 113 step  12000 | VAL -1.71 (best -0.40) | alpha 0.097
   seed 113 step  15000 | VAL -1.85 (best -0.40) | alpha 0.055
   seed 113 step  18000 | VAL -1.35 (best -0.40) | alpha 0.031
   seed 113 step  21000 | VAL -1.27 (best -0.40) | alpha 0.018
   seed 113 step  24000 | VAL -2.44 (best -0.40) | alpha 0.012
   seed 113 step  27000 | VAL -2.24 (best -0.40) | alpha 0.009
   seed 113 step  30000 | VAL 0.21 (best 0.21) | alpha 0.009
   seed 113 step  33000 | VAL 0.90 (best 0.90) | alpha 0.011
   seed 113 step  36000 | VAL 0.19 (best 0.90) | alpha 0.012
   seed 113 step  39000 | VAL 1.31 (best 1.31) | alpha 0.013
   seed 113 step  42000 | VAL 0.99 (best 1.31) | alpha 0.014
   seed 113 step  45000 | VAL 1.61 (best 1.61) | alpha 0.014
   seed 113 step  48000 | VAL 1.43 (best 1.61) | alpha 0.014
   seed 113 step  51000 | VAL 1.74 (best 1.74) | alpha 0.014
   seed 113 step  54000 | VAL 1.56 (best 1.74) | alpha 0.013
   seed 113 step  57000 | VAL 1.76 (best 1.76) | alpha 0.013
   seed 113 step  60000 | VAL 2.25 (best 2.25) | alpha 0.014
=== seed 113 done: VAL 2.25  TEST 2.10  (CEM TEST -0.37)  [210 min elapsed]

   seed 114 warm-start VAL -0.13
   seed 114 step   3000 | VAL -3.81 (best -0.13) | alpha 0.567
   seed 114 step   6000 | VAL -0.14 (best -0.13) | alpha 0.314
   seed 114 step   9000 | VAL -1.75 (best -0.13) | alpha 0.175
   seed 114 step  12000 | VAL -1.42 (best -0.13) | alpha 0.098
   seed 114 step  15000 | VAL -1.20 (best -0.13) | alpha 0.055
   seed 114 step  18000 | VAL -1.04 (best -0.13) | alpha 0.031
   seed 114 step  21000 | VAL -1.17 (best -0.13) | alpha 0.019
   seed 114 step  24000 | VAL -1.66 (best -0.13) | alpha 0.013
   seed 114 step  27000 | VAL -1.63 (best -0.13) | alpha 0.012
   seed 114 step  30000 | VAL -0.50 (best -0.13) | alpha 0.013
   seed 114 step  33000 | VAL -0.57 (best -0.13) | alpha 0.013
   seed 114 step  36000 | VAL -0.78 (best -0.13) | alpha 0.012
   seed 114 step  39000 | VAL -0.65 (best -0.13) | alpha 0.012
   seed 114 step  42000 | VAL -0.89 (best -0.13) | alpha 0.011
   seed 114 step  45000 | VAL -1.03 (best -0.13) | alpha 0.011
   seed 114 step  48000 | VAL -0.71 (best -0.13) | alpha 0.011
   seed 114 step  51000 | VAL -0.65 (best -0.13) | alpha 0.010
   seed 114 step  54000 | VAL -0.50 (best -0.13) | alpha 0.011
   seed 114 step  57000 | VAL 0.70 (best 0.70) | alpha 0.012
   seed 114 step  60000 | VAL 1.00 (best 1.00) | alpha 0.012
=== seed 114 done: VAL 1.00  TEST 0.70  (CEM TEST -0.37)  [226 min elapsed]

   seed 115 warm-start VAL -0.48
   seed 115 step   3000 | VAL -5.98 (best -0.48) | alpha 0.561
   seed 115 step   6000 | VAL -2.03 (best -0.48) | alpha 0.311
   seed 115 step   9000 | VAL -1.55 (best -0.48) | alpha 0.173
   seed 115 step  12000 | VAL -1.36 (best -0.48) | alpha 0.097
   seed 115 step  15000 | VAL -1.46 (best -0.48) | alpha 0.055
   seed 115 step  18000 | VAL -1.09 (best -0.48) | alpha 0.032
   seed 115 step  21000 | VAL -0.89 (best -0.48) | alpha 0.019
   seed 115 step  24000 | VAL -0.35 (best -0.35) | alpha 0.014
   seed 115 step  27000 | VAL 1.15 (best 1.15) | alpha 0.013
   seed 115 step  30000 | VAL 1.51 (best 1.51) | alpha 0.014
   seed 115 step  33000 | VAL 1.87 (best 1.87) | alpha 0.015
   seed 115 step  36000 | VAL 1.90 (best 1.90) | alpha 0.014
   seed 115 step  39000 | VAL 2.50 (best 2.50) | alpha 0.014
   seed 115 step  42000 | VAL 2.77 (best 2.77) | alpha 0.014
   seed 115 step  45000 | VAL 1.93 (best 2.77) | alpha 0.014
   seed 115 step  48000 | VAL 2.62 (best 2.77) | alpha 0.015
   seed 115 step  51000 | VAL 2.80 (best 2.80) | alpha 0.015
   seed 115 step  54000 | VAL 2.48 (best 2.80) | alpha 0.015
   seed 115 step  57000 | VAL 1.93 (best 2.80) | alpha 0.015
   seed 115 step  60000 | VAL 2.64 (best 2.80) | alpha 0.015
=== seed 115 done: VAL 2.80  TEST 2.89  (CEM TEST -0.37)  [243 min elapsed]

  Activating project at `~/Documents/trabajo/academia/unam/proyectos investigacion/bio/invernaderos/invernaderosV3.0/GreenhouseControl`

=========================== CAMPAIGN SUMMARY ===========================
15 seeds in 4.0 h | steps/seed 60000
CEM constant   : VAL -0.34  TEST -0.37
SAC best-ckpt  : TEST 1.48 +/- 0.68  (best seed TEST 2.89)
SAC beats CEM on TEST in 15 / 15 seeds
SAC TEST  median 1.49  worst-seed 0.55  best-seed 2.89
per-seed TEST: 2.22, 1.49, 0.55, 1.69, 0.63, 1.34, 0.91, 1.17, 1.93, 2.13, 1.50, 0.90, 2.10, 0.70, 2.89

per-TEST-year profit (best-VAL seed 115):
year        CEM      SAC
1990      -1.82     1.08
1997       0.30     3.58
2003      -1.14     2.14
2009      -0.17     3.16
2014       1.27     4.50
2015      -0.67     2.89
          -0.37     2.89   (mean)

best actor -> test/sac_actor_best.jls ; per-seed actors -> test/campaign_actors/ ; manifest -> test/campaign_manifest.csv
